// Jest Snapshot v1, https://goo.gl/fbAQLP

exports[`App renders correctly 1`] = `
<div>
  <ul>
    <li>
      <a
        onClick={[Function]}
        style={Object {}}
      >
        Home
      </a>
    </li>
    <li>
      <a
        onClick={[Function]}
        style={Object {}}
      >
        Counter
      </a>
    </li>
  </ul>
  <br />
</div>
`;

exports[`renders correctly 1`] = `
<div>
  <ul>
    <li>
      <a
        onClick={[Function]}
        style={Object {}}
      >
        Home
      </a>
    </li>
    <li>
      <a
        onClick={[Function]}
        style={Object {}}
      >
        Counter
      </a>
    </li>
  </ul>
  <br />
</div>
`;
